Mm, Mm, Mm, Mm, Mm, Mm, Mm, Mm, Mm, Mm, Mm, Mm, Mm, Mm, Mm, Mm, Mm, Mm, Mm, Mm, Mm, Mm, Mm, Mm, Mm, Mm, Mm, Mm, Mm, Mm, Mm, Mm, Mm, Mm, Mm, Mm, Mm, Mm, Mm, Mm, Mm, Mm, Mm, Mm, Mm, Mm, Mm, Mm
Mm, Mm, Mm, Mm, Mm, Mm, Mm, Mm, Hh^Vhh, Mm, Mm, Mm, Mm, Mm, Mm, Mm, Mm, Hh, Hh, Mm, Hh, Mm, Mm, Mm, Mm, Mm, Mm, Mm, Mm, Mm, Mm, Mm, Mm, Mm, Mm, Mm, Hh, Mm, Mm, Mm, Mm, Mm, Mm, Mm, Mm, Mm, Mm, Mm
Mm, Mm, Hh^Vhh, Mm, Mm, Mm, Mm, Mm, Mm, Mm, Hh, Mm, Mm, Hh^Vhh, Mm, Mm, Gs^Fms, Hh, Gs^Fms, Hh, Gs^Fms, Hh, Hh, Mm, Gs^Fms, Gs^Fms, Gg, Mm, Gs^Fms, Hh, Hh, Hh, Hh, Hh, Hh, Hh, Gs^Fms, Gs^Fms, Gs^Fms, Mm, Gs^Fms, Hh, Hh, Mm, Mm, Mm, Mm, Mm
Mm, Mm, Mm, Mm, Mm, Mm, Hh, Hh, Hh, Hh, Hh, Hh, Gs^Fms, Mm, Gs^Fms, Gs^Fms, Gg, Gs^Fms, Gs^Fms, Gs^Fms, Gs^Fms, Gs^Fms, Gs^Fms, Gs^Fms, Gg, Gg, Gg, Re, Gs^Fms, Gs^Fms, Gs^Fms, Hh, Gs^Fms, Gs^Fms, Gs^Fms, Hh, Gs^Fms, Gs^Fms, Gs^Fms, Gs^Fms, Gs^Fms, Gs^Fms, Gs^Fms, Hh, Hh, Hh^Vhh, Mm, Mm
Mm, Mm, Mm, Mm, Gs^Fms, Hh, Hh, Hh, Gs^Fms, Hh, Gs^Fms, Gs^Fms, Gs^Fms, Gs^Fms, Gg, Gg, Gg, Gg, Gg, Gg, Gg, Gg, Gg, Gg, Gg, Gg, Gg, Re, Re, Gs^Fms, Gs^Fms, Gs^Fms, Gs^Fms, Gs^Fms, Gs^Fms, Gs^Fms, Gs^Fms, Gs^Fms, Gg, Gs^Fms, Gg, Gg, Gg, Gs^Fms, Gs^Fms, Hh, Hh, Mm
Gs^Fms, Mm, Gs^Fms, Mm, Gs^Fms, Gs^Fms, Gs^Fms, Gs^Fms, Gg, Gs^Fms, Gg, Gg, Gg, Gg, Gg, Gg, Gg, Gg, Gg, Gg, Gg, Gg, Gg, Gg, Gg, Gg, Gg, Gg, Gg, Re, Re, Gg, Gg, Gg, Gg, Gg, Gg, Gg, Gg, Gg, Gg, Gg, Gg, Gg, Gg, Gs^Fms, Gs^Fms, Hh
Hh, Gs^Fms, Gg, Gs^Fms, Gg, Gg, Gg, Gg, Gg, Gg, Gg, Gg, Gg, Gg, Gg, Gg, Gg^Gvs, Gg, Gg, Gg, Gg, Gg, Gg, Gg, Gg, Gg, Gg, Gg, Gs^Fms, Gg, Gs^Fms, Re, Re, Gg, Gg, Gg, Gg, Gg, Gg, Gg^Es, Gg^Es, Gg, Gg, Gg, Gg, Gs^Fms, Gs^Fms, Gs^Fms
Hh, Hh, Gg, Gg, Gg, Gg, Gg, Gg, Gg, Gg, Gg, Gg, Gg, Gg, Gg^Gvs, Gg^Gvs, Gg^Gvs, Gg^Gvs, Gg^Gvs, Gg^Gvs, Gg^Gvs, Gg, Gg, Gg, Gg, Gg, Gg, Gg, Gs^Fms, Gs^Fms, Gs^Fms, Hhd, Hhd, Re, Re, Gg, Gg, Gg, Hhd, Gg, Gs^Vl, Gg^Es, Gg^Es, Gg, Gg, Gg, Gs^Fms, Gs^Fms
Hh, Hh, Gg, Gg, Gg, Gg, Gg, Gg, Gg, Gg, Gg, Gg, Gg^Gvs, Gg^Gvs, Gg^Gvs, Gg^Gvs, Gg^Gvs, Gg^Gvs, Gg^Gvs, Gg^Gvs, Gg, Gg, Gg, Gg, Gs^Vh, Gg, Gg, Gg, Gs^Fms, Gs^Fms, Gs^Fms, Hhd, Hhd, Hhd, Hhd, Re, Re, Gg, Gg, Hhd, Hhd, Hhd^Emf, Hhd, Gg, Gg, Gg, Gg, Gs^Fms
Hh, Hh, Gs^Fms, Gs^Vh, Gs^Fms, Gg, Gg, Gg, Gg, Gg, Gg^Vwm, Gg^Gvs, Gg^Gvs, Gg^Gvs, Gg^Gvs, Gg^Gvs, Gg^Gvs, Gg^Gvs, Gg, Gs^Vh, Gg, Gg, Gg^Es, Gg, Gg, Gg, Gg, Gg, Gs^Vl, Gs^Fms, Gs^Fms, Hhd, Hhd, Hhd, Gg, Gg, Re, Gg, Gg, Gg, Gg, Hhd, Gg, Gg, Gg, Gg, Gg, Gg
Gs^Fms, Gs^Fms, Gs^Fms, Gs^Fms, Gs^Fms, Gg, Gg, Gg, Gg, Gg, Gg, Gg^Gvs, Gg^Gvs, Gg^Gvs, Gg, Gg^Gvs, Re, Gg, Gg, Gg, Gg, Gg, Gg^Es, Gg, Gg, Gg, Gg, Gg, Gg, Gg, Gg, Gg, Gg, Gg, Gg, Gg, Chr, Chr, Chr, Gg, Gg, Gg, Re, Gg, Gg, Gg, Re, Re
Gs^Fms, Gs^Fms, Gs^Fms, Gs^Fms, Gs^Fms, Gg, Gg, Gg, Gg, Gg, Gg, Gg^Gvs, Gg, Gg, Re, Re, Gs^Vh, Gg, Gg, Gg, Gg, Gg^Es, Gg, Gg, Gs^Vh, Gg, Gg^Gvs, Gg, Gg^Gvs, Gg, Gg, Gg, Gg, Gg, Gg, Chr, Chr, Chr, Chr, Chr, Re, Re, Gg, Re, Re, Re, Gg, Gg
Gg, Gs^Fms, Gs^Fms, Gs^Fms, Gg, Re, Re, Gg, Re, Gg, Gg, Gg, Re, Re, Gs^Fms, Gs^Fms, Gs^Fms, Gg, Gg, Gg, Gg, Gg, Gg, Gg, Gg^Gvs, Gg^Gvs, Gg^Gvs, Gg^Gvs, Gg^Gvs, Re, Re, Gg, Gg, Gg, Gg, Chr, Chr, 1 Khr, Chr, Chr, Gg, Gg, Gg, Gg, Gg, Gg, Gg, Gg
Gg, Gg, Gg, Gg, Gg, Gg, Gg, Re, Gg, Re, Re, Re, Gg, Gs^Fms, Gs^Fms, Gs^Fms, Gs^Fms, Gg, Gg, Gg, Gg, Gg, Gg, Gg, Gg^Gvs, Gg^Gvs, Gg^Gvs, Gg^Gvs, Gg^Gvs, Gg^Gvs, Gg, Re, Re, Gg, Re, Chr, Chr, Chr, Chr, Chr, Gg, Gg, Gg, Gg, Gg, Gg, Gg, Gg
Gg, Gg, Gg, Gg, Gg, Gg, Gg, Re, Gg, Gg, Gg, Gg, Gg, Gs^Fms, Gs^Fms, Gs^Fms, Gg, Gg, Gg, Gg, Gg, Gg^Efm, Gg, Gg, Gg, Gg^Gvs, Gg^Vwm, Gg^Gvs, Gg^Gvs, Gg^Gvs, Gg, Gg, Re, Re, Gg, Gg, Gg, Chr, Re, Gg, Gg, Gg, Re, Gg^Gvs, Gg^Gvs, Gg, Gg, Gg
Re, Gg, Gg, Gg, Gg, Gg, Gg, Re, Gg, Gg, Gg, Gg, Gg, Gg, Gg, Gg, Re, Gg, Gg, Gg, Gg, Gg^Efm, Gg, Gg, Gg, Gg, Gg, Gg, Gg, Gg, Re, Re, Gg, Gg, Gg^Gvs, Gg, Gg, Gg, Gg, Re, Re, Re, Gg^Vwm, Gg^Gvs, Gg^Gvs, Gg^Gvs, Gg, Gg
Gg, Re, Re, Gg, Gg, Gg, Gg, Re, Gg, Gg, Gg, Gg, Re, Re, Re, Re, Gg, Re, Re, Gg, Gg, Gg, Gg, Gg, Gg, Gg, Gg^Efm, Gg, Re, Re, Gg, Gg, Gg^Gvs, Gg^Gvs, Gg^Gvs, Gg^Gvs, Gg^Gvs, Gg, Re, Re, Re, Gg, Gg, Gg^Gvs, Gg^Gvs, Gg, Gg, Gg
Gg, Gg, Gg, Re, Re, Gg, Gg, Re, Gg, Gg, Re, Re, Gg, Gg, Gg, Gg, Gg, Gg, Gg, Re, Re, Gg, Khr, Chr, Chr, Gg, Re, Re, Gg, Gg, Gg, Gg, Gg^Gvs, Gg^Gvs, Gg^Gvs, Gg^Gvs, Gg^Gvs, Re, Gg, Gg, Re, Gg, Gg, Gg, Gg, Gg, Gg, Gg
Gg, Gg, Gg, Gg, Gg, Re, Chr, Chr, Chr, Re, Gg, Gg, Gg, Gg, Gg, Gg, Gg, Gg, Gg, Gg, Gg, Re, Gg, Chr, Chr, Re, Gg, Gg, Gg, Gg, Gg, Gg, Gg, Gg^Gvs, Gg^Gvs, Gg^Gvs, Gg^Gvs, Gg^Gvs, Gg, Gg, Re, Gg, Gs^Fms, Gg, Gg, Gg, Hh, Hh
Gg, Gg, Gg, Gg, Gg, Gg, Chr, Khr, Chr, Re, Re, Gg, Gg, Gg^Gvs, Gg^Gvs, Gg, Gg^Es, Gg, Gg, Gg, Gg^Es, Gg, Gg, Chr, Re, Gg, Gg, Gg, Gg, Gg, Gg, Gg, Gg, Gs^Vh, Gg^Gvs, Gg^Gvs, Gg^Gvs, Gg^Gvs, Gg, Gg, Re, Gg, Gs^Fms, Gs^Fms, Gg, Gg^Es, Hh, Hh
Gg, Gg, Gg, Gg, Gg, Gg, Re, Chr, Gg, Gg, Gg, Re, Re, Gg^Gvs, Gg^Gvs, Gg, Gg, Gg, Gg, Gg, Gg, Gg, Gg, Gg, Gg, Re, Re, Gg, Gg, Gg^Efm, Gg, Gg, Gg^Efm, Gg, Gg, Gg^Gvs, Gs^Vh, Gg^Emf, Gg^Emf, Gg^Emf, Gg^Emf, Gs^Vh, Gs^Fms, Gs^Fms, Gs^Fms, Gg, Hh, Hh
Gg, Gg, Gs^Vh, Gg, Gg^Gvs, Gg, Re, Gg, Gg, Gg, Gg, Gg, Gg^Gvs, Gg^Gvs, Gg^Gvs, Gg^Gvs, Gg, Gg, Gg, Gg^Efm, Gg, Gg, Gs^Vh, Gg, Gg, Gg, Gg, Re, Re, Gg, Gg, Gg, Gg, Gg, Gg, Gg, Gg, Gg^Emf, Gg^Emf, Gg^Emf, Gg^Emf, Gg^Emf, Gs^Fms, Gs^Fms, Gs^Fms, Hh, Hh, Hh
Gg^Gvs, Gg^Gvs, Gg^Gvs, Gg^Gvs, Gg^Gvs, Gg^Gvs, Gg^Gvs, Gg, Gg, Gg, Gs^Vl, Gg, Gg^Gvs, Gg^Gvs, Gs^Fms, Gs^Fms, Gs^Fms, Gs^Fms, Gg, Gg, Gg, Gg^Gvs, Gg^Gvs, Gg^Gvs, Gg^Gvs, Gg, Gg, Gg, Gg, Re, Gg, Gg, Gg, Gg, Gg, Gg, Gg, Gg^Emf, Gg, Gg^Emf, Gs^Fms, Gs^Fms, Gs^Fms, Gs^Fms, Gg, Hh, Hh, Hh
Gg^Gvs, Gg^Gvs, Gg^Gvs, Gg^Gvs, Gg^Gvs, Gg^Gvs, Gg^Gvs, Gg^Gvs, Gg, Gs^Fms, Gs^Fms, Gs^Fms, Gs^Fms, Gs^Fms, Gs^Fms, Gs^Fms, Gs^Fms, Gs^Fms, Gg, Gg, Gg, Gg^Gvs, Gg^Gvs, Gg^Gvs, Gg^Gvs, Gg^Gvs, Re, Re, Re, Re, Re, Chr, Chr, Gg, Gg, Gg, Gg, Gg, Gg, Gg, Gg, Re, Gg, Gg, Gg, Hh, Hh, Hh
Gg^Gvs, Gg^Gvs, Gg^Gvs, Gg^Gvs, Gg^Gvs, Gg^Gvs, Gg^Gvs, Gg^Gvs, Gg, Gg, Gg, Gg, Gg, Hhd, Hhd, Hhd, Gg, Gg, Gg, Gg, Gg, Gg^Gvs, Gg^Gvs, Gg^Gvs, Gg^Gvs, Gg^Gvs, Gg, Gg, Gg, Gg, Gg, Chr, Khr, Chr, Gg, Gg, Gg, Gg, Gg, Gg, Gg, Re, Gg, Gg, Gg, Hh, Hh, Hh
Gg^Gvs, Gg^Gvs, Gg^Gvs, Gg^Gvs, Gg^Gvs, Gg^Gvs, Gg^Gvs, Gg^Gvs, Gg, Gg, Gg, Gg, Gg, Gg, Gg, Gg, Gg, Gg, Gg, Gg, Re, Re, Gg, Gg^Gvs, Gg^Gvs, Gg^Gvs, Gg^Gvs, Gg, Gg^Vwm, Gg, Gg, Chr, Re, Chr, Gg, Gg, Gg, Gg, Gg, Gg, Gg, Re, Gg, Gg, Gg, Gg, Gg, Gg
Gg, Gg, Gg^Vwm, Gg^Gvs, Gg^Gvs, Gg^Gvs, Gg^Gvs, Re, Re, Gg, Gg, Gg, Gg, Gg, Gg, Gg, Gg, Gg, Re, Re, Gg, Gg, Gg, Gs^Vh, Gg, Gg^Gvs, Gg^Gvs, Gg^Gvs, Gg, Gg, Gg, Gg, Re, Gg, Gg, Gg, Gg, Gg, Gg^Es, Gg, Gg^Es, Re, Gg, Gg, Gg, Gg, Gg, Gg
Md, Gg, Gg, Gg, Gg, Gg, Gg, Gg, Gg, Re, Re, Gg, Gg, Gg, Gg, Gg, Re, Re, Gg, Gg, Gg, Gg, Gg, Gg, Gg, Gg, Gg, Gg, Gg, Gg, Gg, Gg, Re, Gg, Gg, Gg, Gg, Gg, Gg, Gg^Es, Gg, Re, Gg^Es, Gg, Gg, Gg, Gg, Gg
Md, Md, Md, Gg, Gs^Vh, Gg, Gs^Fms, Gg, Gg, Gg, Gg, Re, Re, Gg, Chr, Chr, Chr, Gg, Gg, Gg, Gg, Gg, Gg, Gg, Gg, Gs^Fms, Gs^Fms, Gg, Gg, Gg, Gg, Gg, Gg^Emf, Gg^Emf, Gg^Emf, Gg, Gg, Gg, Gg, Gg, Gg, Re, Gg, Gg^Es, Gg, Gg, Gg^Emf, Gg^Emf
Md, Md, Md, Md, Hh, Hh, Gs^Fms, Gs^Fms, Gs^Fms, Gg, Gg, Gg, Gg, Re, Chr, Khr, Chr, Gg, Gg, Gg, Gg, Gg, Gg, Gg, Gs^Fms, Gs^Fms, Gs^Fms, Gs^Fms, Gg, Gg, Gg, Gg^Emf, Gg^Emf, Gg^Emf, Gg^Emf, Gg^Emf, Gs^Vh, Gg, Gs^Fms, Gs^Fms, Gs^Fms, Re, Gg, Gg, Gg, Gg^Emf, Gg^Emf, Gg^Emf
Md, Md, Md, Md, Hh, Hh, Hh, Gs^Fms, Gs^Fms, Gg, Gg, Gg, Gg, Gg, Re, Chr, Gg, Gg, Gg, Gg, Gg, Gg, Gg, Gg, Gg, Gs^Fms, Gs^Fms, Gs^Fms, Gg, Gg, Gg^Emf, Gg^Emf, Gg^Emf, Gg^Emf, Gg^Emf, Gg^Emf, Gs^Fms, Gs^Fms, Gs^Fms, Gs^Fms, Gs^Fms, Gs^Fms, Gs^Fms, Gg, Gg, Gg^Emf, Gg^Emf, Gg^Emf
Md, Md, Hh, Hh, Gs^Fms, Gs^Fms, Gs^Fms, Gs^Fms, Gs^Fms, Gg, Gg, Gg, Gg, Gg, Re, Gg, Gg, Gg, Gg^Gvs, Gg, Gg, Gg, Gg, Gg, Gg, Gs^Fms, Gs^Fms, Gs^Fms, Gg, Gs^Vh, Gg^Emf, Gg^Emf, Gg^Emf, Gg^Emf, Gg^Emf, Gg^Emf, Gs^Fms, Gs^Fms, Gs^Fms, Gs^Fms, Gs^Fms, Gs^Fms, Gs^Fms, Gg, Gg, Gg^Emf, Gg^Emf, Gg^Emf
Hh, Hh, Hh^Vhh, Hh, Gs^Fms, Gs^Fms, Gs^Fms, Gs^Fms, Gs^Fms, Gg, Gg, Gg, Gg, Re, Gg, Gg, Gg^Gvs, Gg^Gvs, Gg^Gvs, Gg^Gvs, Gg^Gvs, Gg, Gg, Gg^Es, Gg, Gg^Emf, Gs^Fms, Gs^Fms, Gg, Gg, Gg, Gg^Emf, Gg^Emf, Gg^Emf, Gg^Emf, Gg^Emf, Gg^Emf, Gs^Fms, Gs^Fms, Gs^Fms, Gs^Fms, Gs^Fms, Gs^Fms, Gg, Gg, Gg, Gg, Gg^Emf
Mm, Hh, Hh, Hh, Hh, Gs^Fms, Gs^Fms, Gs^Fms, Gs^Fms, Gs^Fms, Gg, Gg, Re, Re, Gg, Gg^Gvs, Gg^Gvs, Gg^Gvs, Gg^Gvs, Gg^Gvs, Gg^Gvs, Gg, Gg^Es, Gg^Es, Gg, Gg^Emf, Gs^Fms, Gg, Gg, Gg, Gg, Gg, Gg, Gg, Gg, Gg, Gg, Gs^Fms, Gs^Fms, Gs^Fms, Gs^Fms, Gs^Fms, Gs^Fms, Gg, Gg, Gg, Gg, Gg
Mm, Mm, Mm, Hh, Hh, Hh, Gs^Fms, Gs^Fms, Gg, Gg, Gg, Re, Gg, Gg, Gg, Gg^Gvs, Gg^Gvs, Gg^Gvs, Gg^Gvs, Gg^Gvs, Gg, Gg, Gg^Es, Gg, Mm, Gg, Gg, Gg, Gg, Gg, Gg, Gg, Gg, Gg, Gg^Es, Gg, Gg, Gg, Gg, Gs^Fms, Gg, Gs^Fms, Gg, Gg, Gg, Gg^Es, Gg, Gg
Mm, Mm, Mm, Mm, Mm, Mm, Mm, Gs^Vh, Gg, Gg, Gg, Re, Gg, Gg, Gg, Gg, Gg^Gvs, Gg^Gvs, Gg, Gg, Gg, Gg, Mm, Mm, Hh^Vhh, Mm, Mm, Gg, Gg^Emf, Gg, Hh, Gg^Emf, Gg, Gg, Gg, Gg^Es, Gg, Gg, Md, Gg, Hh^Vhh, Gg, Gg, Gg^Es, Gg^Es, Gg^Es, Gs^Fms, Gg
Mm, Mm, Mm, Mm, Mm, Mm, Mm, Hh, Gg, Gg, Gg, Re, Gg, Gg, Gg, Gg, Gg, Gg, Gg, Gg, Mm, Mm, Mm, Mm, Mm, Mm, Mm, Mm, Hh, Hh, Hh, Hh, Hh, Md, Hh^Vhh, Md, Hh, Md, Md, Md, Md, Md, Md, Gg^Es, Md, Gg^Es, Gs^Fms, Gs^Fms
Mm, Mm, Mm, Mm, Mm, Mm, Mm, Hh, Gg, Gg, Gg, Re, Gg, Gg, Gg, Gg, Gg, Gg, Gg, Mm, Mm, Mm, Mm, Mm, Mm, Mm, Mm, Mm, Mm, Hh, Hh, Hh, Hh, Md, Md, Md, Hh, Hh, Md, Md, Md, Md, Md, Md, Md, Gs^Fms, Gs^Fms, Gs^Fms
