Mm, Mm, Mm, Mm, Mm, Mm, Mm, Mm, Hh, Mm, Mm, Hh, Hh, Hh, Hh, Hh, Hh, Hh, Hh, Hh, Hh, Hh, Mm, Mm, Mm, Mm, Mm, Mm, Hh, Mm, Hh, Mm, Mm, Mm, Mm, Mm, Mm, Mm
Mm, Mm, Mm, Mm, Mm, Mm, Mm, Mm, Hh, Hh, Hh, Hh, Gg^Ve, Hh, Gll^Fp, Gll^Fp, Gg^Efm, Hh, Gs^Vc, Hh, Hh, Mm, Mm, Mm, Mm, Mm, Hh, Hh, Gg, Hh, Gg, Hh, Hh, Mm, Mm, Hh, Hh, Mm
Mm, Mm, Hh, Mm, Hh, Mm, Gll^Fp, Hh, Hh, Hh, Gll^Fp, Hh, Gll^Fp, Gll^Fp, Gg, Gll^Fp, Gg^Efm, Gg, Gll^Fp, Gll^Fp, Gll^Fp, Hh, Mm, Mm, Gll^Fp, Gg^Ve, Gll^Fp, Gg, Gg, Gg, Gg, Gll^Fp, Gll^Fp, Gll^Fp, Gll^Fp, Gll^Fp, Gg^Ve, Mm
Mm, Hh, Hh, Hh, Hh, Gg^Fet, Gll^Fp, Gll^Fp, Gll^Fp, Gll^Fp, Gll^Fp, Gll^Fp, Gg, Gg, Gg^Efm, Gg^Efm, Gg^Efm, Gg^Efm, Gg^Efm, Gll^Fp, Gll^Fp, Gll^Fp, Gll^Fp, Gll^Fp, Gll^Fp, Gll^Fp, Gg, Gg, Gg, Gg, Ce, Gg, Ce, Gg, Gg, Gll^Fp, Gll^Fp, Mm
Hh, Hh, Hh, Gg^Ve, Gll^Fp, Gll^Fp, Gll^Fp, Gll^Fp, Gg, Gg^Efm, Gg^Efm, Gg^Efm, Gg^Efm, Gg^Efm, Gg^Gvs, Gg^Gvs, Gg^Gvs, Gg^Efm, Gg^Efm, Gg^Efm, Gg, Gll^Fp, Gll^Fp, Gll^Fp, Gg, Gg, Gg, Gg, Ce, Ce, Ce, Ce, Ce, Ce, Gg, Gll^Fp, Mm, Mm
Hh, Hh, Gll^Fp, Gll^Fp, Gll^Fp, Gll^Fp, Gg, Gg, Gg, Gg, Gg^Gvs, Gg^Gvs, Gg^Gvs, Gg^Gvs, Gg^Efm, Gg^Gvs, Gg^Efm, Gg, Gg, Gg, Gg, Gg, Gg, Gg, Gg, Gg, Gg, Gg, Ce, Ce, Ce, 1 Ke, Ce, Ce, Gg, Gg, Mm, Mm
Hh, Hh, Gll^Fp, Gll^Fp, Gg, Gg, Gg, Gg, Gg, Gg^Gvs, Gg^Gvs, Gg, Gg, Gg, Gg, Gg, Gg, Gg, Gg, Gg, Gg, Gg, Gg, Gg, Gg, Gg, Gg, Gg, Gg, Ce, Gg, Ce, Ce, Ce, Gg, Gg, Mm, Mm
Hh, Hh, Gll^Fp, Gs^Vc, Gg, Gg, Gg, Gg, Gg^Gvs, Gg^Gvs, Gg, Gg, Gg, Gg, Gg, Gg, Gg, Gg, Gg, Gg, Gg, Gg, Gg, Gg^Gvs, Gg^Gvs, Gg, Gg, Gg, Gg, Gg, Gg, Gg, Gg, Gg, Gg, Gg, Mm, Mm
Mm, Hh, Gll^Fp, Gg, Gg^Efm, Gg, Gg, Gg, Gg^Gvs, Gg, Gg, Gg, Gg, Gg, Gg, Gg, Gg, Gg, Gg, Gg, Gg, Gg, Gg, Gg, Gg, Gg^Gvs, Gg^Gvs, Gg, Gg, Gg, Gg, Gg, Gg, Gg, Gg, Mm, Mm, Mm
Mm, Hh, Gll^Fp, Gg, Gg^Efm, Gg^Efm, Gg^Efm, Gg, Gg, Gg, Gg, Gg, Gg, Gg, Gg, Gg, Ch, Gg, Ch, Gg, Gg, Gg, Gg, Gg, Gg, Gg, Gg^Gvs, Gg^Gvs, Gg^Gvs, Gg, Gg, Gg, Gg, Gg, Gll^Fp, Gs^Vc, Hh, Hh
Mm, Hh, Gll^Fp, Gg^Efm, Gg, Gg^Efm, Gg^Efm, Gg, Gg, Gg, Ch, Ch, Gg, Gg, Gg, Ch, Gg, Ch, Gg, Ch, Gg, Gg, Gg, Gg, Gg, Gg, Gg^Gvs, Gg, Gg^Gvs, Gg, Gg, Gg, Gg, Gg, Gll^Fp, Gll^Fp, Hh, Hh
Mm, Hh, Gll^Fp, Gs^Vc, Gg, Gg^Efm, Gg^Efm, Gg, Gg, Ch, Ch, Gg, Gg, Gs^Vh, Gg^Gvs, Gg^Gvs, Gg^Gvs, Gg^Gvs, Gg^Gvs, Gg, Gg, Gg, Gg, Gg, Gg, Gg, Gg, Gg^Gvs, Gg^Gvs, Gg^Gvs, Gg^Efm, Gg^Efm, Gg, Gg, Gll^Fp, Gll^Fp, Hh, Hh
Mm, Hh, Gll^Fp, Gll^Fp, Gg, Gg^Efm, Gg, Gg, Gg, Gg, Gg, Gg, Gg^Gvs, Gg^Gvs, Gg, Gg, Gg, Gg, Gg, Gg^Gvs, Gg^Gvs, Gg, Ch, Gg, Gg, Gg, Gg, Gg, Gg, Gg, Gg^Efm, Gg^Efm, Gg, Gg, Gll^Fp, Gll^Fp, Hh, Hh
Mm, Hh, Gll^Fp, Gll^Fp, Gg^Efm, Gg^Efm, Gg, Gg, Ch, Gg, Gs^Vh, Gg^Gvs, Gg, Gg, Ch, Ch, Ch, Gg, Gg, Gs^Vh, Gg, Gg^Gvs, Gg, Ch, Gg, Gg, Gg, Gg, Gg, Gg, Gg^Efm, Gg^Efm, Gg, Gll^Fp, Gg^Fet, Hh, Hh, Hh
Hh, Mm, Gll^Fp, Gll^Fp, Gg^Efm, Gg^Efm, Gg, Gg, Ch, Gg, Gg^Gvs, Gg^Gvs, Gg, Gg, Ch, Ch, Ch, Ch, Ch, Gg, Gg, Gg^Gvs, Gg^Gvs, Gg, Gg, Gg, Gg, Gg, Gg, Gg, Gg^Efm, Gg^Efm, Gg, Gll^Fp, Gll^Fp, Hh, Hh, Hh
Mm, Mm, Gll^Fp, Gll^Fp, Gll^Fp, Gg^Efm, Gg, Ch, Gg, Gg, Gg^Gvs, Gg, Gg, Ch, Ch, Ch, 4 Kh, Ch, Ch, Ch, Gg, Gg, Gg, Gg^Gvs, Gg, Ch, Gg, Gg, Gg, Gg, Gg^Efm, Gg^Efm, Gg^Efm, Gll^Fp, Gll^Fp, Hh, Hh, Hh
Mm, Hh, Hh, Gll^Fp, Gll^Fp, Gg, Gg, Ch, Gg, Gs^Vh, Gg^Gvs, Gg, Gg, Gg, Ch, Ch, Ch, Ch, Ch, Ch, Gg, Gg, Gg, Gs^Vh, Gg, Ch, Gg, Gg, Gg, Gg^Efm, Gg^Efm, Gg^Efm, Gg^Efm, Gll^Fp, Gll^Fp, Hh, Hh, Hh
Hh, Mm, Hh, Gll^Fp, Gg^Efm, Gg, Gg, Ch, Gg, Gg, Gg, Gg, Gg, Gg, Ch, Ch, Ch, Ch, Gg, Gg, Gg, Gg, Gg, Gg, Gg, Gg, Gg, Gg, Gg, Gg, Gg^Efm, Gg^Efm, Gg^Efm, Gll^Fp, Gll^Fp, Hh, Hh, Hh
Hh, Mm, Gg^Efm, Gg^Efm, Gg^Efm, Gg, Gg, Gg, Gg, Gg, Gs^Vh, Gg^Gvs, Gg^Gvs, Gg, Gg, Gg, Gg, Gg, Gs^Vh, Gg, Gg, Gg, Gs^Vh, Gg, Gg, Ch, Gg, Gg, Gg, Gg, Gg, Gg^Efm, Gg, Gll^Fp, Gll^Fp, Hh, Hh, Hh
Hh, Hh, Gg^Ve, Gg^Efm, Gg^Efm, Gg^Efm, Gg^Efm, Gg, Ch, Gg, Gg, Gg, Gg, Gg^Gvs, Gg, Gg^Gvs, Gg^Gvs, Gg, Gg^Gvs, Gg^Gvs, Gg^Gvs, Gg^Gvs, Gg^Gvs, Gg^Gvs, Ch, Ch, Gg, Gg, Gg, Gg, Gg, Gg^Efm, Gg^Efm, Gll^Fp, Gll^Fp, Hh, Hh, Hh
Hh, Mm, Gll^Fp, Gll^Fp, Gll^Fp, Gg^Efm, Gg^Efm, Gg, Gg, Ch, Ch, Ch, Gg, Gg, Gg, Gs^Vh, Gg, Gg, Gg, Gg, Gg, Gg, Gg, Ch, Gg, Gg, Gg, Gg, Gg, Gg, Gg, Gg^Efm, Gg^Efm, Gll^Fp, Gll^Fp, Hh, Hh, Hh
Hh, Hh, Gll^Fp, Gll^Fp, Gs^Vc, Gll^Fp, Gll^Fp, Gg, Gg, Gg, Gg, Ch, Gg, Gg, Gg, Gg, Ch, Gg, Ch, Ch, Ch, Gg, Gg, Gg, Gg, Gg, Gg, Gg, Gg, Gg, Gg, Gg, Gg^Efm, Gll^Fp, Gll^Fp, Hh, Hh, Hh
Hh, Hh, Gll^Fp, Gll^Fp, Gll^Fp, Gg^Fet, Gg^Ve, Gll^Fp, Gll^Fp, Gg, Gll^Fp, Gg, Gg, Gg^Gvs, Gg, Ch, Gg, Ch, Gg, Gg, Gg, Gg, Gg, Gg, Gg, Gg, Gg, Gg, Gg, Gg, Gg, Gg, Gg, Gll^Fp, Gll^Fp, Mm, Mm, Hh
Hh, Mm, Gll^Fp, Gll^Fp, Gll^Fp, Gll^Fp, Gll^Fp, Gll^Fp, Gll^Fp, Gll^Fp, Gll^Fp, Gg^Fet, Gll^Fp, Gg^Gvs, Gg^Gvs, Gg, Gg, Gg, Gg, Gg, Gg, Gg, Gg^Gvs, Gg, Gg^Gvs, Gg, Gg, Gg, Gg^Gvs, Gg, Gg, Gs^Vc, Gg, Gll^Fp, Gll^Fp, Mm, Hh, Hh
Hh, Mm, Gll^Fp, Gg^Ve, Gll^Fp, Gll^Fp, Gll^Fp, Gll^Fp, Gll^Fp, Gll^Fp, Gll^Fp, Gll^Fp, Gll^Fp, Gll^Fp, Gg, Gg^Gvs, Gg^Gvs, Gg, Gg, Gg, Gg, Gg^Gvs, Gg, Gg^Gvs, Gg, Gg^Gvs, Gg, Gg^Gvs, Gg, Gg^Gvs, Gg, Gg, Gg, Gll^Fp, Gll^Fp, Gll^Fp, Mm, Mm
Hh, Gll^Fp, Gll^Fp, Gll^Fp, Gll^Fp, Gg^Ve, Gg, Gll^Fp, Gg, Gg^Ve, Gg, Gg, Gg^Efm, Gg, Gg^Efm, Gg, Gg^Efm, Gg, Gg, Gg, Gg, Gg, Gg^Efm, Gg, Gs^Vc, Gg, Gg, Gg, Gg, Gg, Gg, Gg, Gg, Gll^Fp, Gll^Fp, Gll^Fp, Gll^Fp, Mm
Hh, Hh, Gg^Fet, Gll^Fp, Gll^Fp, Gll^Fp, Gg, Gg, Ce, Gg, Ce, Gg, Gg, Gg^Efm, Gg, Gg^Efm, Gg, Gg^Efm, Gll^Fp, Gll^Fp, Gll^Fp, Gll^Efm, Gll^Fp, Gg^Efm, Gg^Efm, Gg^Efm, Gg^Efm, Gg^Efm, Gg, Gg, Ce, Ce, Ce, Gg, Gg, Gll^Fp, Gll^Fp, Mm
Mm, Hh, Gll^Fp, Gll^Fp, Gll^Fp, Gg, Ce, Ce, Ce, Ce, Ce, Ce, Ce, Gg, Gg^Efm, Gg, Gg, Gg^Efm, Gg^Fet, Gll^Fp, Gll^Fp, Gll^Fp, Gll^Fp, Gll^Fp, Gll^Fp, Gll^Fp, Gll^Fp, Gg^Efm, Ce, Ce, Ce, Ce, Ce, Ce, Ce, Gll^Fp, Hh, Hh
Mm, Mm, Gll^Fp, Gll^Fp, Gg, Gg, Ce, Ce, Ce, Ce, 3 Ke, Ce, Ce, Gg, Gg^Efm, Gg, Gs^Vc, Gg, Gll^Fp, Gll^Fp, Gll^Fp, Gll^Fp, Gll^Fp, Gll^Fp, Gll^Fp, Gll^Fp, Gll^Fp, Gll^Fp, Ce, Ce, Ce, Ce, 2 Ke, Ce, Ce, Gll^Fp, Mm, Mm
Mm, Mm, Gll^Fp, Gll^Fp, Gll^Fp, Ce, Ce, Ce, Ce, Ce, Ce, Ce, Ce, Gg, Gg^Efm, Gg, Gll^Fp, Gll^Fp, Gll^Fp, Gll^Fp, Gll^Fp, Gll^Fp, Gg^Ve, Gll^Fp, Gg^Fet, Gll^Fp, Gg^Ve, Gll^Fp, Ce, Ce, Ce, Ce, Ce, Ce, Ce, Gll^Fp, Mm, Mm
Mm, Hh, Gll^Fp, Gg^Ve, Gll^Fp, Gg, Gg, Ce, Ce, Ce, Ce, Ce, Ce, Gg^Efm, Gg^Efm, Gg, Gll^Fp, Gll^Fp, Gll^Fp, Gg^Ve, Gll^Fp, Gll^Fp, Gll^Fp, Gll^Fp, Gll^Fp, Gll^Fp, Gll^Fp, Gll^Fp, Gll^Fp, Ce, Ce, Ce, Ce, Ce, Ce, Gll^Fp, Gll^Fp, Mm
Mm, Mm, Gll^Fp, Gll^Fp, Gll^Fp, Gg, Gg, Gg, Gg, Gg, Gg, Gg, Gg, Gg^Efm, Gg^Efm, Gll^Fp, Gll^Fp, Gg^Ve, Gll^Fp, Gll^Fp, Gg^Fet, Gll^Fp, Gll^Fp, Gll^Fp, Gll^Fp, Gll^Fp, Gll^Fp, Gll^Fp, Gll^Fp, Gll^Fp, Gll^Fp, Ce, Gll^Fp, Ce, Gll^Fp, Gll^Fp, Gll^Fp, Mm
Hh, Mm, Mm, Mm, Mm, Mm, Gg, Mm, Mm, Mm, Mm, Gg, Mm, Mm, Mm, Mm, Mm, Mm, Mm, Hh, Hh, Hh, Hh, Hh, Mm, Mm, Mm, Mm, Mm, Mm, Mm, Mm, Mm, Mm, Mm, Mm, Mm, Mm
