Xu, Xu, Xu, Xu, Xu, Xu, Xu, Xu, Xu, Uu^Ii, Uu^Ii, Uu^Ii, Uu^Ii, Uu^Ii, Uu^Ii, Uu^Ii, Uu^Ii, Uu^Ii, Uu^Ii, Uu^Ii, Uu^Ii, Uu^Ii, Uu^Ii, Uu^Ii, Uu^Ii, Uu^Ii, Xu, Xu, Xu, Xoa, Uu, Uu, Qxu, Qxu, Qxu, Qxu, Uu, Uu, Uh, Qxu, Qxu, Qxu, Qxu
Xu, Xu, Xu, Xu, Xu, Xu, Xu, Xu, Xu, Uu^Ii, Uu^Ii, Uu^Ii, Qlf, Uu^Ii, Uu^Ii, Uu^Ii, Uu^Ii, Uu^Ii, Uu^Ii, Uu^Ii, Uu^Ii, Uu^Ii, Uu^Ii, Uu^Ii, Uu^Ii, Uu^Ii, Qlf, Xu, Xu, Xoa, Uu, Qxu, Uu, Qxu, Uu, Uu, Cud, Uu, Uu, Qxu, Uu, Qxu, Uu
Xu, Xu, Xu, Xu, Xu, Xu, Xu, Xu, Qlf, Uu^Ii, Uu^Ii, Uu^Ii, Qlf, Qlf, Qlf, Uh^Ii, Uh^Ii, Uu^Ii, Qlf, Uu^Ii, Uu^Ii, Uu^Ii, Uu^Ii, Uu^Ii, Qlf, Qlf, Qlf, Qlf, Xu, Xoa, Uu, Uu, Uh, Uu, Cud, Cud, Cud, Cud, Cud, Uu, Uu, Uu, Qxu
Xu, Xu, Xu, Xu, Xu, Xu, Xu, Qlf, Qlf, Uu^Ii, Uu^Ii, Uu^Ii, Qlf, Qlf, Qlf, Uh^Ii, Uh^Ii, Qlf, Qlf, Qlf, Uu^Ii, Uu^Ii, Uu^Ii, Qlf, Qlf, Qlf, Qlf, Qlf, Uu^Ii, Xoa, Qxu, Uh, Uh, Uh, Cud, Cud, 6 Kud, Cud, Cud, Uu, Uu, Qxu, Qxu
Xu, Xu, Xu, Xu, Xu, Xu, Qlf, Qlf, Qlf, Uh^Ii, Uh^Ii, Uu^Ii, Qlf, Qlf, Qlf, Uh^Ii, Uh^Ii, Qlf, Qlf, Qlf, Uu^Ii, Uu^Ii, Uu^Ii, Uu^Ii, Qlf, Qlf, Qlf, Uu^Ii, Uu^Ii, Xoa, Qxu, Qxu, Uu, Uu, Cud, Cud, Cud, Cud, Cud, Uh, Uu, Qxu, Qxu
Xu, Xu, Xu, Xu, Xu, Xoa, Xoa, Qlf, Xoa, Uh^Ii, Uh^Ii, Uh^Ii, Uu^Ii, Qlf, Uu^Ii, Uu^Ii, Uu^Ii, Uu^Ii, Qlf, Qlf, Uu^Ii, Uu^Ii, Uh^Ii, Uu^Ii, Qlf, Qlf, Qlf, Uu^Ii, Uu^Ii, Xoa, Qxu, Qxu, Uu, Uu, Uu, Cud, Cud, Cud, Uu, Uh, Uh, Qxu, Qxu
Xu, Xu, Xu, Xu, Uu^Ebn, Uu, Cud, Xoa^Efs, Xoa, Xoa, Xoa, Uu^Ii, Uu^Ii, Uu^Ii, Uu^Ii, Uu^Ii, Uu^Ii, Uu^Ii, Uu^Ii, Uu^Ii, Uu^Ii, Uu^Ii, Uh^Ii, Uu^Ii, Uu^Ii, Uu^Ii, Uu^Ii, Uu^Ii, Uu^Ii, Xoa^Efs, Qxu, Qxu, Uu, Uu, Uu, Uu, Uu, Uu, Uu, Uu, Qxu, Qxu, Qxu
Xu, Xu, Xu, Xu, Uu, Uu, Uu, Uu, Uu, Uu^Ebn, Cud, Xoa, Xoa^Efs, Uu^Ii, Xoa, Uu^Ii, Uh^Ii, Uh^Ii, Uu^Ii, Uu^Ii, Uu^Ii, Uh^Ii, Uh^Ii, Uu^Ii, Uu^Ii, Uu^Ii, Uu^Ii, Uu^Ii, Uu^Ii, Xoa^Efs, Uh, Qxu, Uu, Uu, Uu, Uu, Uu, Uu, Uu, Uu, Qxu, Qxu, Xoa
Xu, Xu, Xu, Xu, Cud, Uu, Uh, Uu, Uu^Vud, Uu, Uu, Uu, Uu, Xoa, Xoa, Xoa, Xoa, Uu^Ii, Uu^Ii, Uu^Ii, Uh^Ii, Uh^Ii, Uu^Ii, Uh^Ii, Uh^Ii, Uh^Ii, Uu, Uu^Ii, Uu, Xos, Uh, Uh, Uu, Uu, Uu, Uu, Uu, Uu, Uu, Uu, Xoa, Xoa, Xu
Xu, Xu, Xu, Xu, Uu, Uu, Uu^Vu, Uh, Uu, Uu, Uu, Uu, Uu, Cud, Uu, Uu^Ebn, Uu, Xoa, Uu, Uh^Ii, Uu, Uu, Uu, Uu, Uu, Uu, Uu, Uu, Uh, Xor, Xos, Uu, Uu, Uu, Uu, Uu, Uu, Uu, Xoa, Xoa, Xu, Xu, Xu
Xu, Xu, Xu, Xu, Uu, Uu, Uu, Uu, Uu, Uu, Uu, Uu^Vu, Uu, Uu, Uu^Vu, Uu, Uu, Uu, Uu, Uu, Uu, Uu, Uu, Uu, Uu, Uu, Uu, Uh, Uu, Uu, Xu, Xos, Xos, Uu, Uh, Uh, Xu, Xu, Xu, Xu, Xu, Xu, Xu
Xu, Xu, Uu^Ebn, Uu, Uu^Vu, Uu, Uu, Uu^Vud, Uu, Uu, Uu, Uu, Uh, Uu, Re, Uu, Uu, Uu, Uu, Uu, Uu, Uu, Uu, Uu, Qxu^Ii, Uu, Uu, Uu, Uu, Xu, Uh, Uh, Uh, Xos, Xos, Xoa^Efs, Re, Re, Uu, Xu, Xu, Xu, Xu
Xu, Xu, Xu, Uu, Uu, Uu, Uh, Uu, Uu, Uu, Uu, Uu, Re, Re, Uu, Re, Re, Re, Re, Uu, Uu, Uu, Uu, Uu, Qxu^Ii, Qxu^Ii, Uu, Uu, Xu, Xu, Uh, Uh, Uh, Uh, Uu, Uu, Uu, Re, Re, Uu, Xu, Xu, Xu
Xu, Xu, Xu, Cud, Uu, Uu, Uh, Uu, Uu, Uu^Vud, Re, Re, Uu, Uu, Uu^Vud, Uu, Uu, Uu, Uu, Re, Re, Uu, Uu, Uu, Uu, Qxu^Ii, Uu, Uu, Xu, Uu, Uu, Uh, Uu, Uh, Uh, Uu, Qxu, Uu, Cud, Re, Re, Xu, Xu
Xu, Xu, Uu, Uu, Uu, Uu^Vu, Uu, Uh, Re, Re, Uu, Uu, Uh, Uu, Uu, Uu, Xu, Uu, Uh, Uu, Uu, Re, Re, Uu, Uu, Uu, Uh, Uh, Xu, Uu, Uu, Uu, Uu, Uu, Qxu, Qxu, Uu, Cud, 4 Kud, Cud, Uu, Re, Xu
Xu, Xu, Uu, Uu^Vud, Uu, Uu, Uu, Re, Re, Uu, Uu, Uu, Uu, Uu, Uu, Uu, Uu, Xu, Uh, Uh, Uh, Uu, Uu, Re, Uu, Uh, Uh, Xu, Uu, Uu, Uu, Uu, Uh, Uu, Uu, Uu, Uu, Cud, Cud, Cud, Uh, Re, Xu
Xu, Xu, Uu^Ebn, Uu, Uu, Uu^Vud, Uu, Uu, Cud, Cud, Cud, Uu, Uu, Uu, Uu, Uu^Vu, Uu, Xu, Uh, Uu, Uh, Uu, Uu, Re, Re, Uu, Uu, Xu, Xu, Uu, Uu, Uu, Uh, Uh, Uh, Uu, Uh, Uh, Uu, Uh, Re, Re, Xu
Xu, Xu, Xoa, Xoa, Xoa, Uu, Uu, Cud, Cud, Cud, Cud, Cud, Uu, Uu, Xoa^Efs, Xoa, Xoa, Xu, Uh, Uh, Uh, Uu, Uu, Uu, Uu, Re, Re, Uu, Uu, Xu, Uu, Uu, Uh, Uu, Uu, Uh, Uh, Uu, Re, Re, Uu, Uh, Xu
Xu, Xu, Ch, Xoa, Ch, Xoa^Efs, Xoa, Cud, Cud, 5 Kud, Cud, Cud, Xoa, Xoa, Uu, Uu, Uu, Xu, Uu, Uh, Uh, Uh, Uu, Uu, Uu, Uu, Uu, Re, Re, Xu, Re, Re, Re, Uh, Uh, Uh, Re, Re, Uu, Uu, Uh, Uh, Xu
Xu, Xu, Ch, Ch, Uu, Ch, Ch, Xoa, Xoa, Cud, Xoa^Efs, Xoa, Xoa, Xoa, Uu, Uu, Uu, Xu, Xu, Uu, Uh, Uu, Uu, Uu, Cud, Cud, Cud, Uu, Re, Re, Uh, Uh, Uu, Re, Re, Re, Uh, Uh, Uh, Uh, Xu, Xu, Xu
Xu, Xu, Ch, Uu, Uu, Uu, Uu, Ch, Ch, Xoa, Uu, Uu, Uu, Uu, Uu, Uu, Uu, Uu, Uu, Xu, Xu, Uu, Uu, Uu, Cud, Cud, Cud, Re, Uu, Uh, Xu, Xu, Xu, Uu, Uu, Re, Re, Uu, Xu, Xu, Uu, Uu, Xu
Xu, Xu, Uu, Uu^Vud, Uu, Uu, Uu, Uu, Uu, Uu, Uu, Uu, Uu, Uu, Re, Re, Re, Re, Re, Uh, Re, Uu, Re, Re, Cud, 3 Kud, Cud, Uu, Uu, Xu, Uu, Uu^Vu, Xu, Uu, Uu, Uu, Uu, Re, Re, Uu, Uu, Uu, Xu
Xu, Xu, Uu^Vud, Uu, Uu, Uu, Uu, Uu, Uu, Uu, Re, Re, Re, Re, Uu, Uu, Uu^Vud, Uu, Uu, Re, Uu, Re, Uu, Uu, Uu, Cud, Uu, Uu, Uu, Xu, Uu, Uu, Uu, Xu, Uu, Uu^Vud, Xoa, Uu, Re, Uu, Uu, Uu, Xu
Xu, Xu, Uu, Uu, Uu, Uu, Uu^Vu, Uu, Re, Re, Uu, Uu, Uu, Uu, Uu, Uu, Xoa, Uu, Uu, Uu, Uu, Uu, Uu, Uu, Uu, Uu, Uu, Uu, Uh, Xu, Uu, Uu, Uu, Xu, Xoa, Xoa^Efs, Uu, Uu, Uu, Uu, Uu, Uu, Xu
Xu, Xu, Uu^Vu, Uu, Uu, Uu, Re, Re, Uu, Uu^Vud, Uu, Uu, Uu, Uu, Xoa^Efs, Xoa, Uu, Xoa, Xoa, Xoa, Uu^Vu, Uu, Uu, Uu, Uu, Uu, Uh, Uh, Xu, Xu, Uu, Uu^Vud, Xoa, Xoa^Efs, Uu, Uu, Uu, Uu^Vu, Uu, Uu, Uu, Uu^Vu, Xu
Xu, Xu, Uu, Uu, Uu, Uu^Vud, Re, Uu, Xoa, Uu, Xoa, Xoa, Xoa, Xoa, Uu, Uu, Uu, Uu, Xoa, Xoa, Xoa, Uu, Uu, Uu, Uu, Uh, Uh, Uh, Uh, Uh, Xoa^Efs, Xoa^Efs, Uh, Uu, Uu^Vu, Uh, Uh, Uh, Uh, Uu^Vu, Uh, Uh, Xu
Xu, Xu, Uu^Vud, Uu, Uu, Re, Uu, Uu^Vu, Xoa, Xoa^Efs, Uu, Xoa, Uu, Uu, Uu, Uu, Xoa^Efs, Xoa, Uu, Uu, Xoa, Uu, Uu, Uu, Uu, Uu, Uu, Uh, Uu, Uu, Xoa, Uh, Uu^Vud, Uh, Uh, Uu, Uu^Vud, Uh, Uu, Uh, Uu, Uu^Vud, Xu
Xu, Xu, Uu, Uu, Uu^Vud, Re, Uu, Uu, Xoa^Efs, Uu, Uu, Uu, Uu, Uu, Uu, Uu, Uu, Uu, Uu, Uu, Xoa^Efs, Uu, Uu, Uh, Uh, Uu, Uu, Uu, Uu, Uu, Xoa, Uh, Xu, Xu, Xu, Xu, Xu, Uu, Uu, Uh, Xu, Xu, Xu
Xu, Xu, Uu, Uu, Uu, Re, Uu, Uu, Xoa, Uu, Xoa, Xoa^Efs, Uu, Uu, Uu, Uu, Uu, Uu, Uu, Uu, Xoa, Uu, Uh, Uh, Uh, Uu, Uu, Uu, Uh, Uu, Xoa, Xu, Xu, Xu, Xu, Xu, Xu, Xu, Xu, Uu^Vud, Xu, Xu, Xu
Xu, Xu, Uu, Uu, Re, Re, Re, Uu, Uu, Xoa, Uu, Uu, Uu, Uu, Uu, Uu, Uu, Uu, Uu, Xoa, Xoa, Uu, Uu, Uh, Uu, Uu^Vud, Uu, Uu, Uh, Uu, Xoa, Xu, Xu, Xu, Xu, Xu, Xu, Xu, Xu, Xu, Xu, Xu, Xu
Xu, Xu, Uu, Uu, Cud, Uu, Uu, Re, Re, Xoa, Uu, Uu, Uu, Uu, Uu, Uu, Uu, Uu, Xoa, Xoa, Xoa, Uu^Vu, Uu, Uu, Uu, Uu, Uu, Uu, Uh, Uu^Vud, Xoa, Xu, Xu, Xu, Xu, Xu, Xu, Xu, Xu, Xu, Xu, Xu, Xu
Xu, Xu, Uu, Cud, 2 Kud, Cud, Uu, Uu, Uu, Re, Re, Uu, Uu, Uu, Uu, Uu, Uu, Xoa, Uu, Uu, Xoa, Uu, Uu, Uu, Ce, Ce, Ce, Uu, Uh, Uu, Xoa, Xu, Xu, Xu, Xu, Xu, Xu, Xu, Xu, Xu, Xu, Xu, Xu
Xu, Xu, Uu, Cud, Cud, Cud, Uu, Uu, Uu, Uu, Uu, Re, Re, Uu, Uu, Uu, Uu, Xoa^Efs, Uu, Uu, Xoa, Uu, Uu, Uu, Ce, 1 Ke, Ce, Uu, Uu, Uu, Xoa, Xu, Xu, Xu, Xu, Xu, Xu, Xu, Xu, Xu, Xu, Xu, Xu
Xu, Xu, Uu, Uu, Uu, Uu, Uu, Uu, Uu, Uu, Ch, Ch, Ch, Ch, Ch, Uu, Uu, Uu, Uu, Uu, Xoa, Uu^Vu, Uu, Uu, Uu, Ce, Uu, Uu, Uh, Uu, Xoa, Xu, Xu, Xu, Xu, Xu, Xu, Xu, Xu, Xu, Xu, Xu, Xu
Xu, Xu, Xu, Uu, Xu, Xu, Xu, Xu, Xu, Ch, Xu, Xu, Xu, Xu, Xu, Xu, Xu, Xu, Xu, Uu, Xoa, Uh, Uh, Uh, Uh, Uh, Uh, Uu, Uu, Uu^Vu, Xoa, Xu, Xu, Xu, Xu, Xu, Xu, Xu, Xu, Xu, Xu, Xu, Xu
Xu, Xu, Xu, Xu, Xu, Xu, Xu, Xu, Xu, Xu, Xu, Xu, Xu, Xu, Xu, Xu, Xu, Xu, Xu, Xu, Xoa, Uh, Uu, Uu, Uu, Uh, Uu, Uu, Uu, Uu, Xoa, Xu, Xu, Xu, Xu, Xu, Xu, Xu, Xu, Xu, Xu, Xu, Xu
